[www.hackgamecard.com/generator/BFC/BFC.html]
[backblue.gif]
[fade.gif]
[index.html]
[www.hackgamecard.com/generator/BFC/css/font-awesome.css]
[www.hackgamecard.com/generator/BFC/css/bootstrap.min.css]
[www.hackgamecard.com/generator/BFC/outdatedbrowser/outdatedbrowser.min.css]
[www.hackgamecard.com/generator/BFC/css/sweet-alert.css]
[www.hackgamecard.com/generator/BFC/css/animate.css]
[www.hackgamecard.com/generator/BFC/css/magnific-popup.css]
[www.hackgamecard.com/generator/BFC/css/hover-min.css]
[www.hackgamecard.com/generator/BFC/css/style.css]
[www.hackgamecard.com/generator/BFC/jquery-labelauty.js]
[www.hackgamecard.com/generator/BFC/jquery-labelauty.css]
[www.hackgamecard.com/i.imgur.com/background.jpg]
[www.hackgamecard.com/generator/BFC/img/red.png]
[www.hackgamecard.com/generator/BFC/img/yellow.png]
[www.hackgamecard.com/generator/BFC/ajax.googleapis.com/ajax/libs/jquery/2.1.3/jquery.min.js]
[www.hackgamecard.com/generator/BFC/img/green.png]
[www.hackgamecard.com/generator/BFC/img/arrow.png]
[www.hackgamecard.com/imgur.com/bfcbackground.jpg]
[www.hackgamecard.com/generator/BFC/img/coin-icon.png]
[www.hackgamecard.com/generator/BFC/img/xp-boost-icon.png]
[www.hackgamecard.com/generator/BFC/outdatedbrowser/outdatedbrowser.min.js]
[www.hackgamecard.com/generator/BFC/js/bootstrap.min.js]
[www.hackgamecard.com/generator/BFC/js/sweet-alert.min.js]
[www.hackgamecard.com/generator/BFC/js/jquery.backstretch.min.js]
[www.hackgamecard.com/generator/BFC/js/bootbox.min.js]
[www.hackgamecard.com/generator/BFC/js/jquery.animatecss.min.js]
[www.hackgamecard.com/generator/BFC/js/jquery.noty.packaged.min.js]
[www.hackgamecard.com/generator/BFC/js/dynatexer.dev.js]
[www.hackgamecard.com/generator/BFC/js/jquery.flexverticalcenter.js]
[www.hackgamecard.com/generator/BFC/js/jquery.countdown.min.js]
[www.hackgamecard.com/generator/BFC/js/jquery.magnific-popup.min.js]
[www.hackgamecard.com/generator/BFC/js/main.js]
[www.hackgamecard.com/generator/BFC/BFC.html]
[www.hackgamecard.com/generator/BFC/index-2.html]
[www.hackgamecard.com/generator/BFC/index-3.html]
[www.hackgamecard.com/generator/BFC/img/top-logo.html]
[www.hackgamecard.com/generator/BFC/js/magnific-popup.min.js]
[www.hackgamecard.com/generator/BFC/fonts/fontawesome-webfont78ce78ce78ce.eot@v=4.2.0]
[www.hackgamecard.com/generator/BFC/fonts/fontawesome-webfontd41dd41dd41d.eot@]
[www.hackgamecard.com/generator/BFC/fonts/fontawesome-webfont78ce78ce78ce.woff@v=4.2.0]
[www.hackgamecard.com/generator/BFC/fonts/fontawesome-webfont78ce78ce78ce.ttf@v=4.2.0]
[www.hackgamecard.com/generator/BFC/fonts/fontawesome-webfont78ce78ce78ce.svg@v=4.2.0]
[www.hackgamecard.com/generator/BFC/css/font-awesome.css]
[www.hackgamecard.com/generator/BFC/fonts/glyphicons-halflings-regular.eot]
[www.hackgamecard.com/generator/BFC/fonts/glyphicons-halflings-regulard41dd41dd41d.eot@]
[www.hackgamecard.com/generator/BFC/js/faker.min.js]
[www.hackgamecard.com/generator/BFC/fonts/glyphicons-halflings-regular.html]
[www.hackgamecard.com/generator/BFC/fonts/glyphicons-halflings-regular.woff]
[www.hackgamecard.com/generator/BFC/fonts/glyphicons-halflings-regular.ttf]
[www.hackgamecard.com/generator/BFC/fonts/glyphicons-halflings-regular.svg]
[www.hackgamecard.com/generator/BFC/css/bootstrap.min.css]
[www.hackgamecard.com/generator/BFC/outdatedbrowser/outdatedbrowser.min.css]
[www.hackgamecard.com/generator/BFC/css/sweet-alert.css]
[www.hackgamecard.com/generator/BFC/css/animate.css]
[www.hackgamecard.com/generator/BFC/css/magnific-popup.css]
[www.hackgamecard.com/generator/BFC/css/hover-min.css]
[www.hackgamecard.com/generator/BFC/css/style.css]
[www.hackgamecard.com/generator/BFC/images/input-unchecked.png]
[www.hackgamecard.com/generator/BFC/images/input-checked.png]
[www.hackgamecard.com/generator/BFC/jquery-labelauty.css]
[www.hackgamecard.com/generator/BFC/fonts/glyphicons-halflings-regular.html]
[www.hackgamecard.com/generator/BFC/fonts/glyphicons-halflings-regular.svg]
[www.hackgamecard.com/generator/BFC/img/user-icon.html]
[www.hackgamecard.com/generator/BFC/img/game-mode-icon.html]
[www.hackgamecard.com/generator/BFC/img/region-icon.html]
[www.hackgamecard.com/generator/BFC/img/mass-boost-icon.html]
[www.hackgamecard.com/generator/BFC/img/inv-icon.html]
[www.hackgamecard.com/generator/BFC/img/status.html]
