[unlimitedapps.online/slotomania/index.html]
[backblue.gif]
[fade.gif]
[index.html]
[unlimitedapps.online/slotomania/img/GameBag-favico.png]
[unlimitedapps.online/slotomania/www.mywebsiteurl.com/social-share-image.html]
[unlimitedapps.online/slotomania/img/verify.png]
[unlimitedapps.online/slotomania/img/header.png]
[unlimitedapps.online/slotomania/ajax.googleapis.com/ajax/libs/jquery/2.1.4/jquery.min.js]
[unlimitedapps.online/slotomania/generator.html]
[unlimitedapps.online/slotomania/ajax.googleapis.com/ajax/libs/jqueryui/1.8.13/jquery-ui.min.js]
[unlimitedapps.online/slotomania/js/fancySelect.js]
[unlimitedapps.online/slotomania/js/jquery.countTo.js]
[unlimitedapps.online/slotomania/js/sweetalert2.min.js]
[unlimitedapps.online/slotomania/js/validator.min.js]
[unlimitedapps.online/slotomania/js/com.js]
[unlimitedapps.online/slotomania/js/form-scripts.js]
[unlimitedapps.online/slotomania/js/jquery.magnific-popup.min.js]
[unlimitedapps.online/slotomania/js/sticky.js]
[unlimitedapps.online/slotomania/js/main1.js]
[unlimitedapps.online/slotomania/js/scripts.js]
[unlimitedapps.online/slotomania/index.html]
[unlimitedapps.online/slotomania/www.mywebsiteurl.com/social-share-image.html]
[unlimitedapps.online/slotomania/maxcdn.bootstrapcdn.com/font-awesome/4.5.0/css/font-awesome.min.css]
[unlimitedapps.online/slotomania/fonts/glyphicons-halflings-regular.eot]
[unlimitedapps.online/slotomania/fonts/glyphicons-halflings-regulard41dd41dd41dd41d.eot]
[unlimitedapps.online/slotomania/fonts/glyphicons-halflings-regular.html]
[unlimitedapps.online/slotomania/fonts/glyphicons-halflings-regular.woff]
[unlimitedapps.online/slotomania/fonts/glyphicons-halflings-regular.ttf]
[unlimitedapps.online/slotomania/css/bootstrap.min.css]
[unlimitedapps.online/slotomania/css/animate.css]
[unlimitedapps.online/slotomania/css/sweetalert2.min.css]
[unlimitedapps.online/slotomania/css/magnific-popup.css]
[unlimitedapps.online/slotomania/css/fancySelect.css]
[unlimitedapps.online/slotomania/fonts/bebasneue_bold-webfont.eot]
[unlimitedapps.online/slotomania/fonts/bebasneue_bold-webfontd41dd41dd41dd41d.eot]
[unlimitedapps.online/slotomania/fonts/bebasneue_bold-webfont.woff2]
[unlimitedapps.online/slotomania/fonts/bebasneue_bold-webfont.woff]
[unlimitedapps.online/slotomania/fonts/bebasneue_bold-webfont.ttf]
[unlimitedapps.online/slotomania/fonts/bebasneue_regular-webfont.eot]
[unlimitedapps.online/slotomania/fonts/bebasneue_regular-webfontd41dd41dd41dd41d.eot]
[unlimitedapps.online/slotomania/fonts/bebasneue_regular-webfont.woff2]
[unlimitedapps.online/slotomania/fonts/bebasneue_regular-webfont.woff]
[unlimitedapps.online/slotomania/fonts/bebasneue_regular-webfont.ttf]
[unlimitedapps.online/slotomania/fonts/et-line.eot]
[unlimitedapps.online/slotomania/fonts/et-lined41dd41dd41dd41d.eot]
[unlimitedapps.online/slotomania/fonts/et-line.woff]
[unlimitedapps.online/slotomania/fonts/et-line.ttf]
[unlimitedapps.online/slotomania/img/pr-l.png]
[unlimitedapps.online/slotomania/img/pr-r.png]
[unlimitedapps.online/slotomania/img/main-bg.jpg]
[unlimitedapps.online/slotomania/img/panel-overlay.png]
[unlimitedapps.online/slotomania/img/smallbtnbg-r.png]
[unlimitedapps.online/slotomania/img/smallbtnbg.png]
[unlimitedapps.online/slotomania/img/smallbtnbg-bw.png]
[unlimitedapps.online/slotomania/img/smallbtnbg-r-bw.png]
[unlimitedapps.online/slotomania/img/button-dot.png]
[unlimitedapps.online/slotomania/img/btn-img.png]
[unlimitedapps.online/slotomania/img/ft-1.png]
[unlimitedapps.online/slotomania/img/ft-2.png]
[unlimitedapps.online/slotomania/img/ft-3.png]
[unlimitedapps.online/slotomania/img/ft-4.png]
[unlimitedapps.online/slotomania/css/style.css]
[unlimitedapps.online/slotomania/css/custom-css.css]
[unlimitedapps.online/slotomania/img/GameBagLogo.png]
[unlimitedapps.online/slotomania/js/jquery-3.2.1.js]
[unlimitedapps.online/slotomania/js/jquery-3.2.js]
[unlimitedapps.online/slotomania/js/main.js]
[unlimitedapps.online/slotomania/generator.html]
[unlimitedapps.online/slotomania/fonts/glyphicons-halflings-regular.html]
[unlimitedapps.online/slotomania/fonts/glyphicons-halflings-regular.svg]
[unlimitedapps.online/slotomania/fonts/et-line.svg]
