[homescapes.toptools.xyz/index.html]
[backblue.gif]
[fade.gif]
[index.html]
[homescapes.toptools.xyz/img/favicon.png]
[homescapes.toptools.xyz/css/normalize.css]
[homescapes.toptools.xyz/css/main.css]
[homescapes.toptools.xyz/js/vendor/modernizr-2.6.2.min.js]
[code.jquery.com/ui/1.11.2/themes/smoothness/jquery-ui.css]
[homescapes.toptools.xyz/img/logo.png]
[homescapes.toptools.xyz/img/g1.png]
[homescapes.toptools.xyz/img/g2.png]
[homescapes.toptools.xyz/img/proof.jpg]
[ajax.googleapis.com/ajax/libs/jquery/1.10.2/jquery.min.js]
[homescapes.toptools.xyz/index.html]
[homescapes.toptools.xyz/js/plugins.js]
[homescapes.toptools.xyz/css/normalize.css]
[homescapes.toptools.xyz/fonts/Oswald-Medium.ttf]
[code.jquery.com/ui/1.11.2/jquery-ui.js]
[homescapes.toptools.xyz/img/bg2.jpg]
[homescapes.toptools.xyz/img/nick.png]
[homescapes.toptools.xyz/img/gems.png]
[homescapes.toptools.xyz/img/loadingicon.gif]
[homescapes.toptools.xyz/css/main.css]
[code.jquery.com/ui/1.11.2/themes/smoothness/images/ui-bg_flat_75_ffffff_40x100.png]
[code.jquery.com/ui/1.11.2/themes/smoothness/images/ui-bg_highlight-soft_75_cccccc_1x100.png]
[code.jquery.com/ui/1.11.2/themes/smoothness/images/ui-bg_glass_75_e6e6e6_1x400.png]
[code.jquery.com/ui/1.11.2/themes/smoothness/images/ui-bg_glass_65_ffffff_1x400.png]
[code.jquery.com/ui/1.11.2/themes/smoothness/images/ui-bg_glass_55_fbf9ee_1x400.png]
[code.jquery.com/ui/1.11.2/themes/smoothness/images/ui-bg_glass_95_fef1ec_1x400.png]
[code.jquery.com/ui/1.11.2/themes/smoothness/images/ui-bg_glass_75_dadada_1x400.png]
[code.jquery.com/ui/1.11.2/themes/smoothness/images/ui-icons_222222_256x240.png]
[code.jquery.com/ui/1.11.2/themes/smoothness/images/ui-icons_888888_256x240.png]
[code.jquery.com/ui/1.11.2/themes/smoothness/images/ui-icons_454545_256x240.png]
[code.jquery.com/ui/1.11.2/themes/smoothness/images/ui-icons_2e83ff_256x240.png]
[code.jquery.com/ui/1.11.2/themes/smoothness/images/ui-icons_cd0a0a_256x240.png]
[code.jquery.com/ui/1.11.2/themes/smoothness/images/ui-bg_flat_0_aaaaaa_40x100.png]
[code.jquery.com/ui/1.11.2/themes/smoothness/jquery-ui.css]
[homescapes.toptools.xyz/js/vendor/jquery-1.10.2.min.html]
[homescapes.toptools.xyz/img/elixir.html]
[homescapes.toptools.xyz/img/gold.png]
