[prestiegeplayerscorp.blogspot.com/p/go.html]
[connect.facebook.net/en_US/fbevents.js]
[maxcdn.bootstrapcdn.com/bootstrap/3.3.7/css/bootstrap.min.css]
[backblue.gif]
[fade.gif]
[index.html]
[maxcdn.bootstrapcdn.com/bootstrap/3.3.7/js/bootstrap.min.js]
[resources.blogblog.com/blogblog/data/1kt/simple/paging_dot.png]
[apis.google.com/js/plusone.js]
[pagead2.googlesyndication.com/pagead/js/f.txt]
[1.bp.blogspot.com/-PD8CjUROMKA/WJo2g8iSUOI/AAAAAAAAAAg/PdlSPNQR6mIdDiLnC36Yu0_ybuuAWDKHACLcB/s640/Assurance 2.png]
[1.bp.blogspot.com/-h9dsWyaGAuU/WJ2028qJf6I/AAAAAAAAABA/-9CFlTcFMysRJWLyJbgBCcKX9q3X8VSawCEw/s320/BOTW-Share_icon.jpg]
[1.bp.blogspot.com/-UOD75CPnfdI/WJ2x7uYmhlI/AAAAAAAAAA0/glBK0_J4Glk-actbu4X-nr3HM09yhxkHACLcB/s320/dl.png]
[resources.blogblog.com/img/icon18_wrench_allbkg.png]
[www.blogger.com/static/v1/widgets/3511615494-widgets.js]
[prestiegeplayerscorp.blogspot.com/p/go.html]
[www.blogger.com/static/v1/widgets/73244247-css_bundle_v2.css]
[connect.facebook.net/en_US/fbevents.js]
[maxcdn.bootstrapcdn.com/bootstrap/3.3.7/css/bootstrap.min.css]
[www.blogger.com/dyn-css/authorizationa8ac.css]
